$ java -Dlog4j2.simplelogStatusLoggerLevel="OFF" -jar ./contaudit-checker.jar 
Picked up _JAVA_OPTIONS: -Dawt.useSystemAAFontSettings=on -Dswing.aatext=true
2024-07-09 02:10:43,158 INFO - Initializing ContAudIT Checker...
2024-07-09 02:10:43,167 INFO - Current directory: /home/kali/Code/ufrgs-poc
2024-07-09 02:10:43,168 INFO - ---------------------------
2024-07-09 02:10:43,168 INFO - Menu:
2024-07-09 02:10:43,168 INFO - 0 - Exit
2024-07-09 02:10:43,168 INFO - 1 - Save Environment State
2024-07-09 02:10:43,168 INFO - 2 - Validate Environment State by last environment hash stored
2024-07-09 02:10:43,168 INFO - 3 - Validate Environment State by applying environment diffs since the last saved state
2024-07-09 02:10:43,168 INFO - ---------------------------
2024-07-09 02:10:43,168 INFO - Choose an option: 1
2024-07-09 02:10:45,726 INFO - Analyzing current environment state...
2024-07-09 02:10:45,846 INFO - Saving current environment state...
2024-07-09 02:10:45,847 INFO - ---------------------------
2024-07-09 02:10:45,848 INFO - Menu:
2024-07-09 02:10:45,848 INFO - 0 - Exit
2024-07-09 02:10:45,848 INFO - 1 - Save Environment State
2024-07-09 02:10:45,848 INFO - 2 - Validate Environment State by last environment hash stored
2024-07-09 02:10:45,848 INFO - 3 - Validate Environment State by applying environment diffs since the last saved state
2024-07-09 02:10:45,848 INFO - ---------------------------
2024-07-09 02:10:45,848 INFO - Choose an option: 0
2024-07-09 02:10:46,800 INFO - Finishing ContAudIT Checker...

$ java -Dorg.hyperledger.fabric.sdk.configuration="./config.properties" -Dlog4j2.simplelogStatusLoggerLevel="OFF" -jar ./contaudit-wrapper.jar "ContAudITWrappe#1" "./contaudit-samples/executor/executor ./contaudit-samples/executor/artifacts/hexedit.workflow"
Picked up _JAVA_OPTIONS: -Dawt.useSystemAAFontSettings=on -Dswing.aatext=true
2024-07-09 02:11:04,560 INFO - ContAudITWrappe#1 - Initializing ContAudIT Wrapper...
2024-07-09 02:11:04,567 INFO - ContAudITWrappe#1 - Current directory: /home/kali/Code/ufrgs-poc/contaudit-wrapper.jar
2024-07-09 02:11:06,275 INFO - ContAudITWrappe#1 - Wrapper hash: ffb581385d61567ee983bcf5c7e23cefa576037be1ae6aa4489017248115299e
2024-07-09 02:11:06,285 INFO - ContAudITWrappe#1 - Validating Wrapper...
2024-07-09 02:11:08,059 INFO - ContAudITWrappe#1 - Response true
2024-07-09 02:11:08,067 INFO - ContAudITWrappe#1 - Application hash: e36ee2d35f8c4c41bd358782dfb3ac8852b40439d350ff27616f0c18819ce9bf
2024-07-09 02:11:08,068 INFO - ContAudITWrappe#1 - Validating Application...
2024-07-09 02:11:08,570 INFO - ContAudITWrappe#1 - Response true
2024-07-09 02:11:08,573 INFO - ContAudITWrappe#1 - Artifact hexedit.workflow hash: a3dde5e4cd15011790140120e35b239126721f8ed8a68f26c0df007c51583e8f
2024-07-09 02:11:08,575 INFO - ContAudITWrappe#1 - Validating Artifact...
2024-07-09 02:11:09,032 INFO - ContAudITWrappe#1 - Response true
2024-07-09 02:11:09,033 INFO - ContAudITWrappe#1 - Running pre-command actions...
2024-07-09 02:11:09,034 INFO - ContAudITWrappe#1 - Analyzing current environment state...
2024-07-09 02:11:09,101 INFO - ContAudITWrappe#1 - Saving current environment state...
2024-07-09 02:11:09,103 INFO - ContAudITWrappe#1 - Environment state hash: f8147e97fbeeb466d4e1cfe9512a5dbda95ac628685604e1d81431d7339ec53b
2024-07-09 02:11:09,103 INFO - ContAudITWrappe#1 - Executing command...
2024-07-09 02:11:33,095 INFO - ContAudITWrappe#1 - Command output: 
2024-07-09 02:11:09.106657695 [executor] Initializing the workflow...
[hexedit_workflow] Checking if package Hexedit exists...
[hexedit_workflow] Package not exists! Installing...
Reading package lists...
Building dependency tree...
Reading state information...
The following packages were automatically installed and are no longer required:
  blender blender-data fonts-open-sans gcc-12-base:i386
  gir1.2-gst-plugins-base-1.0 gir1.2-javascriptcoregtk-4.0 gir1.2-soup-2.4
  gir1.2-soup-3.0 gir1.2-totemplparser-1.0 gir1.2-webkit2-4.0 insserv libamd2
  libappstream4 libatk1.0-data libatomic1:i386 libbsd0:i386 libcamd2
  libccolamd2 libcddb2 libcharls2 libcholmod3 libdcmtk17 libdrm-amdgpu1:i386
  libdrm-intel1:i386 libdrm-nouveau2:i386 libdrm-radeon1:i386 libdrm2:i386
  libdvbpsi10 libebml5 libedit2:i386 libembree3-3 libexiv2-14 libexpat1:i386
  libffi8:i386 libgdcm3.0 libglapi-mesa:i386 libglibmm-2.68-1 libglvnd0:i386
  libharfbuzz-subset0 libicu72:i386 libixml11 liblirc-client0 libllvm15:i386
  liblog4cplus-2.0.5 liblzma5:i386 libmad0 libmatroska7 libmd0:i386 libmetis5
  libnsl-dev libopencolorio2.1 libopencv-core406 libopencv-imgcodecs406
  libopencv-imgproc406 libopencv-videoio406 libopenimageio2.4
  libopenmpt-modplug1 libopenshot-audio8 libopenshot21 libopenvdb10.0
  libosdcpu3.5.0 libosdgpu3.5.0 libpciaccess0:i386 libprotobuf-lite32
  libproxy-tools libpthread-stubs0-dev libpugixml1v5 libpystring0
  libqrcodegencpp1 libqt5concurrent5 libqt5designer5 libqt5quickwidgets5
  libqt5webengine-data libquazip5-1 libraw19 libraw20 libresid-builder0c2a
  librlottie0-1 libsdl-image1.2 libsdl1.2debian libsensors5:i386
  libshiboken2-py3-5.15 libsidplay2 libsigc++-3.0-0 libsocket++1
  libsoup-gnome2.4-1 libspatialaudio0 libspnav0 libstdc++6:i386 libstemmer0d
  libtbb12 libtbbbind-2-5 libtbbmalloc2 libtinfo6:i386 libtirpc-dev
  libtotem-plparser-common libtotem-plparser18 libumfpack5 libupnp17
  libva-wayland2 libvlc-bin libvlc5 libvlccore9 libvncclient1 libx11-6:i386
  libx11-xcb1:i386 libxau6:i386 libxcb-dri2-0:i386 libxcb-dri3-0:i386
  libxcb-glx0:i386 libxcb-present0:i386 libxcb-randr0:i386 libxcb-record0
  libxcb-screensaver0 libxcb-shm0:i386 libxcb-sync1:i386 libxcb-xfixes0:i386
  libxcb1:i386 libxdmcp6:i386 libxext6:i386 libxfixes3:i386 libxml2:i386
  libxmlb2 libxshmfence1:i386 libxxf86vm1:i386 libyaml-cpp0.7 libz3-4:i386
  libzstd1:i386 nomacs-l10n python3-advancedhttpserver python3-aioredis
  python3-apscheduler python3-boltons python3-cairo-dev python3-dhcplib
  python3-dronekit python3-geojson python3-gps3 python3-graphene
  python3-graphene-sqlalchemy python3-graphql-core python3-graphql-relay
  python3-gst-1.0 python3-icalendar python3-isc-dhcp-leases python3-loguru
  python3-manuf python3-mutagen python3-openshot python3-promise
  python3-pymavlink python3-pyqt5.sip python3-pytz-deprecation-shim
  python3-rule-engine python3-rx python3-software-properties python3-tzlocal
  python3-usb qtbase5-dev-tools qtchooser rtmpdump startpar sysv-rc vlc-bin
  vlc-data vlc-l10n vlc-plugin-access-extra vlc-plugin-base vlc-plugin-notify
  vlc-plugin-qt vlc-plugin-samba vlc-plugin-skins2 vlc-plugin-video-output
  vlc-plugin-video-splitter vlc-plugin-visualization yt-dlp
Use 'sudo apt autoremove' to remove them.
The following NEW packages will be installed:
  hexedit
0 upgraded, 1 newly installed, 0 to remove and 3031 not upgraded.
Need to get 0 B/31.2 kB of archives.
After this operation, 74.8 kB of additional disk space will be used.
Selecting previously unselected package hexedit.
(Reading database ... 
(Reading database ... 5%
(Reading database ... 10%
(Reading database ... 15%
(Reading database ... 20%
(Reading database ... 25%
(Reading database ... 30%
(Reading database ... 35%
(Reading database ... 40%
(Reading database ... 45%
(Reading database ... 50%
(Reading database ... 55%
(Reading database ... 60%
(Reading database ... 65%
(Reading database ... 70%
(Reading database ... 75%
(Reading database ... 80%
(Reading database ... 85%
(Reading database ... 90%
(Reading database ... 95%
(Reading database ... 100%
(Reading database ... 670717 files and directories currently installed.)
Preparing to unpack .../hexedit_1.6-1_amd64.deb ...
Unpacking hexedit (1.6-1) ...
Setting up hexedit (1.6-1) ...
Processing triggers for kali-menu (2022.4.1) ...
Processing triggers for man-db (2.11.2-1) ...
2024-07-09 02:11:33.094948430 [executor] Finished!

2024-07-09 02:11:33,095 INFO - ContAudITWrappe#1 - Running post-command actions...
2024-07-09 02:11:33,095 INFO - ContAudITWrappe#1 - Analyzing current environment state...
2024-07-09 02:11:33,153 INFO - ContAudITWrappe#1 - Saving current environment state...
2024-07-09 02:11:33,154 INFO - ContAudITWrappe#1 - Environment state hash: ddbf107848f30515efbb98d4ff57a5084856f9facdd673adaa9ba8367f68fdc4
2024-07-09 02:11:33,155 INFO - ContAudITWrappe#1 - Checking environment diff...
2024-07-09 02:11:33,157 INFO - ContAudITWrappe#1 - Environment diff: 664a665
> hexedit 1.6-1

2024-07-09 02:11:33,157 INFO - ContAudITWrappe#1 - Cleaning temporary files...
2024-07-09 02:11:33,159 INFO - ContAudITWrappe#1 - Sending to blockchain...
2024-07-09 02:11:38,198 INFO - ContAudITWrappe#1 - Response 
2024-07-09 02:11:38,200 INFO - ContAudITWrappe#1 - Finishing ContAudIT Wrapper...

$ sh ./contaudit-samples/executor/artifacts/hexedit.workflow
[hexedit_workflow] Checking if package Hexedit exists...
[hexedit_workflow] Package exists! Removing...
Reading package lists... Done
Building dependency tree... Done
Reading state information... Done
The following packages were automatically installed and are no longer required:
  blender blender-data fonts-open-sans gcc-12-base:i386 gir1.2-gst-plugins-base-1.0 gir1.2-javascriptcoregtk-4.0 gir1.2-soup-2.4 gir1.2-soup-3.0
  gir1.2-totemplparser-1.0 gir1.2-webkit2-4.0 insserv libamd2 libappstream4 libatk1.0-data libatomic1:i386 libbsd0:i386 libcamd2 libccolamd2 libcddb2
  libcharls2 libcholmod3 libdcmtk17 libdrm-amdgpu1:i386 libdrm-intel1:i386 libdrm-nouveau2:i386 libdrm-radeon1:i386 libdrm2:i386 libdvbpsi10 libebml5
  libedit2:i386 libembree3-3 libexiv2-14 libexpat1:i386 libffi8:i386 libgdcm3.0 libglapi-mesa:i386 libglibmm-2.68-1 libglvnd0:i386 libharfbuzz-subset0
  libicu72:i386 libixml11 liblirc-client0 libllvm15:i386 liblog4cplus-2.0.5 liblzma5:i386 libmad0 libmatroska7 libmd0:i386 libmetis5 libnsl-dev
  libopencolorio2.1 libopencv-core406 libopencv-imgcodecs406 libopencv-imgproc406 libopencv-videoio406 libopenimageio2.4 libopenmpt-modplug1
  libopenshot-audio8 libopenshot21 libopenvdb10.0 libosdcpu3.5.0 libosdgpu3.5.0 libpciaccess0:i386 libprotobuf-lite32 libproxy-tools libpthread-stubs0-dev
  libpugixml1v5 libpystring0 libqrcodegencpp1 libqt5concurrent5 libqt5designer5 libqt5quickwidgets5 libqt5webengine-data libquazip5-1 libraw19 libraw20
  libresid-builder0c2a librlottie0-1 libsdl-image1.2 libsdl1.2debian libsensors5:i386 libshiboken2-py3-5.15 libsidplay2 libsigc++-3.0-0 libsocket++1
  libsoup-gnome2.4-1 libspatialaudio0 libspnav0 libstdc++6:i386 libstemmer0d libtbb12 libtbbbind-2-5 libtbbmalloc2 libtinfo6:i386 libtirpc-dev
  libtotem-plparser-common libtotem-plparser18 libumfpack5 libupnp17 libva-wayland2 libvlc-bin libvlc5 libvlccore9 libvncclient1 libx11-6:i386
  libx11-xcb1:i386 libxau6:i386 libxcb-dri2-0:i386 libxcb-dri3-0:i386 libxcb-glx0:i386 libxcb-present0:i386 libxcb-randr0:i386 libxcb-record0
  libxcb-screensaver0 libxcb-shm0:i386 libxcb-sync1:i386 libxcb-xfixes0:i386 libxcb1:i386 libxdmcp6:i386 libxext6:i386 libxfixes3:i386 libxml2:i386
  libxmlb2 libxshmfence1:i386 libxxf86vm1:i386 libyaml-cpp0.7 libz3-4:i386 libzstd1:i386 nomacs-l10n python3-advancedhttpserver python3-aioredis
  python3-apscheduler python3-boltons python3-cairo-dev python3-dhcplib python3-dronekit python3-geojson python3-gps3 python3-graphene
  python3-graphene-sqlalchemy python3-graphql-core python3-graphql-relay python3-gst-1.0 python3-icalendar python3-isc-dhcp-leases python3-loguru
  python3-manuf python3-mutagen python3-openshot python3-promise python3-pymavlink python3-pyqt5.sip python3-pytz-deprecation-shim python3-rule-engine
  python3-rx python3-software-properties python3-tzlocal python3-usb qtbase5-dev-tools qtchooser rtmpdump startpar sysv-rc vlc-bin vlc-data vlc-l10n
  vlc-plugin-access-extra vlc-plugin-base vlc-plugin-notify vlc-plugin-qt vlc-plugin-samba vlc-plugin-skins2 vlc-plugin-video-output
  vlc-plugin-video-splitter vlc-plugin-visualization yt-dlp
Use 'sudo apt autoremove' to remove them.
The following packages will be REMOVED:
  hexedit
0 upgraded, 0 newly installed, 1 to remove and 3031 not upgraded.
After this operation, 74.8 kB disk space will be freed.
(Reading database ... 670724 files and directories currently installed.)
Removing hexedit (1.6-1) ...
Processing triggers for man-db (2.11.2-1) ...
Processing triggers for kali-menu (2022.4.1) ...

$ java -Dlog4j2.simplelogStatusLoggerLevel="OFF" -jar ./contaudit-checker.jar 
Picked up _JAVA_OPTIONS: -Dawt.useSystemAAFontSettings=on -Dswing.aatext=true
2024-07-09 02:12:27,552 INFO - Initializing ContAudIT Checker...
2024-07-09 02:12:27,560 INFO - Current directory: /home/kali/Code/ufrgs-poc
2024-07-09 02:12:27,560 INFO - ---------------------------
2024-07-09 02:12:27,560 INFO - Menu:
2024-07-09 02:12:27,560 INFO - 0 - Exit
2024-07-09 02:12:27,561 INFO - 1 - Save Environment State
2024-07-09 02:12:27,561 INFO - 2 - Validate Environment State by last environment hash stored
2024-07-09 02:12:27,561 INFO - 3 - Validate Environment State by applying environment diffs since the last saved state
2024-07-09 02:12:27,561 INFO - ---------------------------
2024-07-09 02:12:27,561 INFO - Choose an option: 2
2024-07-09 02:12:31,254 INFO - Searching logs in blockchain...
2024-07-09 02:12:33,205 INFO - Response [...]
2024-07-09 02:12:45,351 INFO - Last log post-state hash: ddbf107848f30515efbb98d4ff57a5084856f9facdd673adaa9ba8367f68fdc4
2024-07-09 02:12:45,352 INFO - Analyzing current environment state...
2024-07-09 02:12:45,421 INFO - Generating current state hash...
2024-07-09 02:12:45,427 INFO - Current state hash: f8147e97fbeeb466d4e1cfe9512a5dbda95ac628685604e1d81431d7339ec53b
2024-07-09 02:12:45,428 INFO - Comparing current state hash and post-state hash in last log saved...
2024-07-09 02:12:45,428 INFO - Current State Invalid!
2024-07-09 02:12:45,428 INFO - ---------------------------
2024-07-09 02:12:45,428 INFO - Menu:
2024-07-09 02:12:45,428 INFO - 0 - Exit
2024-07-09 02:12:45,428 INFO - 1 - Save Environment State
2024-07-09 02:12:45,428 INFO - 2 - Validate Environment State by last environment hash stored
2024-07-09 02:12:45,428 INFO - 3 - Validate Environment State by applying environment diffs since the last saved state
2024-07-09 02:12:45,428 INFO - ---------------------------
2024-07-09 02:12:45,428 INFO - Choose an option: 0
2024-07-09 02:12:50,642 INFO - Finishing ContAudIT Checker...

$ java -Dlog4j2.simplelogStatusLoggerLevel="OFF" -jar ./contaudit-checker.jar
Picked up _JAVA_OPTIONS: -Dawt.useSystemAAFontSettings=on -Dswing.aatext=true
2024-07-09 02:12:58,632 INFO - Initializing ContAudIT Checker...
2024-07-09 02:12:58,641 INFO - Current directory: /home/kali/Code/ufrgs-poc
2024-07-09 02:12:58,642 INFO - ---------------------------
2024-07-09 02:12:58,642 INFO - Menu:
2024-07-09 02:12:58,642 INFO - 0 - Exit
2024-07-09 02:12:58,642 INFO - 1 - Save Environment State
2024-07-09 02:12:58,642 INFO - 2 - Validate Environment State by last environment hash stored
2024-07-09 02:12:58,642 INFO - 3 - Validate Environment State by applying environment diffs since the last saved state
2024-07-09 02:12:58,642 INFO - ---------------------------
2024-07-09 02:12:58,642 INFO - Choose an option: 1
2024-07-09 02:13:00,427 INFO - Analyzing current environment state...
2024-07-09 02:13:00,559 INFO - Saving current environment state...
2024-07-09 02:13:00,560 INFO - ---------------------------
2024-07-09 02:13:00,561 INFO - Menu:
2024-07-09 02:13:00,561 INFO - 0 - Exit
2024-07-09 02:13:00,561 INFO - 1 - Save Environment State
2024-07-09 02:13:00,561 INFO - 2 - Validate Environment State by last environment hash stored
2024-07-09 02:13:00,561 INFO - 3 - Validate Environment State by applying environment diffs since the last saved state
2024-07-09 02:13:00,561 INFO - ---------------------------
2024-07-09 02:13:00,561 INFO - Choose an option: 0
2024-07-09 02:13:01,309 INFO - Finishing ContAudIT Checker...